###############################################################################
#
# IAR ELF Linker V7.80.4.12462/W32 for ARM                08/Mar/2017  20:34:17
# Copyright 2007-2017 IAR Systems AB.
#
#    Output file  =  
#        C:\Users\zhaojuntao.TKRE\Desktop\STM32F722-Nucleo
#        CoreMark\STM32F722-Nucleo CoreMark\EWARM\STM32F722-Nucleo
#        CoreMark\Exe\STM32F722-Nucleo CoreMark.out
#    Map file     =  
#        C:\Users\zhaojuntao.TKRE\Desktop\STM32F722-Nucleo
#        CoreMark\STM32F722-Nucleo CoreMark\EWARM\STM32F722-Nucleo
#        CoreMark\List\STM32F722-Nucleo CoreMark.map
#    Command line =  
#        "C:\Users\zhaojuntao.TKRE\Desktop\STM32F722-Nucleo
#        CoreMark\STM32F722-Nucleo CoreMark\EWARM\STM32F722-Nucleo
#        CoreMark\Obj\core_list_join.o"
#        "C:\Users\zhaojuntao.TKRE\Desktop\STM32F722-Nucleo
#        CoreMark\STM32F722-Nucleo CoreMark\EWARM\STM32F722-Nucleo
#        CoreMark\Obj\core_main.o"
#        "C:\Users\zhaojuntao.TKRE\Desktop\STM32F722-Nucleo
#        CoreMark\STM32F722-Nucleo CoreMark\EWARM\STM32F722-Nucleo
#        CoreMark\Obj\core_matrix.o"
#        "C:\Users\zhaojuntao.TKRE\Desktop\STM32F722-Nucleo
#        CoreMark\STM32F722-Nucleo CoreMark\EWARM\STM32F722-Nucleo
#        CoreMark\Obj\core_portme.o"
#        "C:\Users\zhaojuntao.TKRE\Desktop\STM32F722-Nucleo
#        CoreMark\STM32F722-Nucleo CoreMark\EWARM\STM32F722-Nucleo
#        CoreMark\Obj\core_state.o"
#        "C:\Users\zhaojuntao.TKRE\Desktop\STM32F722-Nucleo
#        CoreMark\STM32F722-Nucleo CoreMark\EWARM\STM32F722-Nucleo
#        CoreMark\Obj\core_util.o"
#        "C:\Users\zhaojuntao.TKRE\Desktop\STM32F722-Nucleo
#        CoreMark\STM32F722-Nucleo CoreMark\EWARM\STM32F722-Nucleo
#        CoreMark\Obj\gpio.o"
#        "C:\Users\zhaojuntao.TKRE\Desktop\STM32F722-Nucleo
#        CoreMark\STM32F722-Nucleo CoreMark\EWARM\STM32F722-Nucleo
#        CoreMark\Obj\startup_stm32f722xx.o"
#        "C:\Users\zhaojuntao.TKRE\Desktop\STM32F722-Nucleo
#        CoreMark\STM32F722-Nucleo CoreMark\EWARM\STM32F722-Nucleo
#        CoreMark\Obj\stm32f7xx_hal.o"
#        "C:\Users\zhaojuntao.TKRE\Desktop\STM32F722-Nucleo
#        CoreMark\STM32F722-Nucleo CoreMark\EWARM\STM32F722-Nucleo
#        CoreMark\Obj\stm32f7xx_hal_cortex.o"
#        "C:\Users\zhaojuntao.TKRE\Desktop\STM32F722-Nucleo
#        CoreMark\STM32F722-Nucleo CoreMark\EWARM\STM32F722-Nucleo
#        CoreMark\Obj\stm32f7xx_hal_dma.o"
#        "C:\Users\zhaojuntao.TKRE\Desktop\STM32F722-Nucleo
#        CoreMark\STM32F722-Nucleo CoreMark\EWARM\STM32F722-Nucleo
#        CoreMark\Obj\stm32f7xx_hal_dma_ex.o"
#        "C:\Users\zhaojuntao.TKRE\Desktop\STM32F722-Nucleo
#        CoreMark\STM32F722-Nucleo CoreMark\EWARM\STM32F722-Nucleo
#        CoreMark\Obj\stm32f7xx_hal_flash.o"
#        "C:\Users\zhaojuntao.TKRE\Desktop\STM32F722-Nucleo
#        CoreMark\STM32F722-Nucleo CoreMark\EWARM\STM32F722-Nucleo
#        CoreMark\Obj\stm32f7xx_hal_flash_ex.o"
#        "C:\Users\zhaojuntao.TKRE\Desktop\STM32F722-Nucleo
#        CoreMark\STM32F722-Nucleo CoreMark\EWARM\STM32F722-Nucleo
#        CoreMark\Obj\stm32f7xx_hal_gpio.o"
#        "C:\Users\zhaojuntao.TKRE\Desktop\STM32F722-Nucleo
#        CoreMark\STM32F722-Nucleo CoreMark\EWARM\STM32F722-Nucleo
#        CoreMark\Obj\stm32f7xx_hal_i2c.o"
#        "C:\Users\zhaojuntao.TKRE\Desktop\STM32F722-Nucleo
#        CoreMark\STM32F722-Nucleo CoreMark\EWARM\STM32F722-Nucleo
#        CoreMark\Obj\stm32f7xx_hal_i2c_ex.o"
#        "C:\Users\zhaojuntao.TKRE\Desktop\STM32F722-Nucleo
#        CoreMark\STM32F722-Nucleo CoreMark\EWARM\STM32F722-Nucleo
#        CoreMark\Obj\stm32f7xx_hal_msp.o"
#        "C:\Users\zhaojuntao.TKRE\Desktop\STM32F722-Nucleo
#        CoreMark\STM32F722-Nucleo CoreMark\EWARM\STM32F722-Nucleo
#        CoreMark\Obj\stm32f7xx_hal_pwr.o"
#        "C:\Users\zhaojuntao.TKRE\Desktop\STM32F722-Nucleo
#        CoreMark\STM32F722-Nucleo CoreMark\EWARM\STM32F722-Nucleo
#        CoreMark\Obj\stm32f7xx_hal_pwr_ex.o"
#        "C:\Users\zhaojuntao.TKRE\Desktop\STM32F722-Nucleo
#        CoreMark\STM32F722-Nucleo CoreMark\EWARM\STM32F722-Nucleo
#        CoreMark\Obj\stm32f7xx_hal_rcc.o"
#        "C:\Users\zhaojuntao.TKRE\Desktop\STM32F722-Nucleo
#        CoreMark\STM32F722-Nucleo CoreMark\EWARM\STM32F722-Nucleo
#        CoreMark\Obj\stm32f7xx_hal_rcc_ex.o"
#        "C:\Users\zhaojuntao.TKRE\Desktop\STM32F722-Nucleo
#        CoreMark\STM32F722-Nucleo CoreMark\EWARM\STM32F722-Nucleo
#        CoreMark\Obj\stm32f7xx_hal_tim.o"
#        "C:\Users\zhaojuntao.TKRE\Desktop\STM32F722-Nucleo
#        CoreMark\STM32F722-Nucleo CoreMark\EWARM\STM32F722-Nucleo
#        CoreMark\Obj\stm32f7xx_hal_tim_ex.o"
#        "C:\Users\zhaojuntao.TKRE\Desktop\STM32F722-Nucleo
#        CoreMark\STM32F722-Nucleo CoreMark\EWARM\STM32F722-Nucleo
#        CoreMark\Obj\stm32f7xx_hal_uart.o"
#        "C:\Users\zhaojuntao.TKRE\Desktop\STM32F722-Nucleo
#        CoreMark\STM32F722-Nucleo CoreMark\EWARM\STM32F722-Nucleo
#        CoreMark\Obj\stm32f7xx_it.o"
#        "C:\Users\zhaojuntao.TKRE\Desktop\STM32F722-Nucleo
#        CoreMark\STM32F722-Nucleo CoreMark\EWARM\STM32F722-Nucleo
#        CoreMark\Obj\system_stm32f7xx.o"
#        "C:\Users\zhaojuntao.TKRE\Desktop\STM32F722-Nucleo
#        CoreMark\STM32F722-Nucleo CoreMark\EWARM\STM32F722-Nucleo
#        CoreMark\Obj\usart.o" --redirect _Printf=_PrintfFull --redirect
#        _Scanf=_ScanfFull -o
#        "C:\Users\zhaojuntao.TKRE\Desktop\STM32F722-Nucleo
#        CoreMark\STM32F722-Nucleo CoreMark\EWARM\STM32F722-Nucleo
#        CoreMark\Exe\STM32F722-Nucleo CoreMark.out" --map
#        "C:\Users\zhaojuntao.TKRE\Desktop\STM32F722-Nucleo
#        CoreMark\STM32F722-Nucleo CoreMark\EWARM\STM32F722-Nucleo
#        CoreMark\List\STM32F722-Nucleo CoreMark.map" --config
#        "C:\Users\zhaojuntao.TKRE\Desktop\STM32F722-Nucleo
#        CoreMark\STM32F722-Nucleo CoreMark\EWARM/stm32f722xx_flash.icf"
#        --semihosting --entry __iar_program_start --vfe
#
###############################################################################

*******************************************************************************
*** RUNTIME MODEL ATTRIBUTES
***

CppFlavor                     = *
__Heap_Handler                = Basic
__SystemLibrary               = DLib
__dlib_dynamic_initialization = normal


*******************************************************************************
*** PLACEMENT SUMMARY
***

"A0":  place at 0x08000000 { ro section .intvec };
"P1":  place in [from 0x08000000 to 0x0807ffff] { ro };
"P2":  place in [from 0x20000000 to 0x2003ffff] { rw, block CSTACK, block HEAP };
initialize by copy { rw };

  Section             Kind        Address    Size  Object
  -------             ----        -------    ----  ------
"A0":                                       0x1e0
  .intvec             ro code  0x08000000   0x1e0  startup_stm32f722xx.o [1]
                             - 0x080001e0   0x1e0

"P1":                                      0x5bed
  .text               ro code  0x080001e0  0x119a  xprintffull.o [3]
  .text               ro code  0x0800137a    0x20  xmbtowc.o [3]
  .text               ro code  0x0800139c    0x16  strchr.o [5]
  .text               ro code  0x080013b4    0x36  strlen.o [5]
  .text               ro code  0x080013ec    0x58  memchr.o [5]
  .text               ro code  0x08001444     0xa  xmbcurmax.o [3]
  .text               ro code  0x08001450    0xb0  xxmemxmalloc.o [3]
  .text               ro code  0x08001500    0x1a  xwctomb.o [3]
  .text               ro code  0x0800151c    0x76  ABImemcpy_unaligned.o [5]
  .text               ro code  0x08001594    0x80  xxmemxfree.o [3]
  .text               ro code  0x08001614    0xee  I64DivMod.o [5]
  .text               ro code  0x08001702    0x44  xdnorm.o [4]
  .text               ro code  0x08001748    0x2e  DblCmpLe.o [4]
  .text               ro code  0x08001778    0x2e  DblCmpGe.o [4]
  .text               ro code  0x080017a8   0x114  xdscale.o [4]
  .text               ro code  0x080018bc    0x58  DblToI32.o [4]
  .text               ro code  0x08001914    0x30  I32ToDbl.o [4]
  .text               ro code  0x08001944   0x180  DblSub.o [4]
  .text               ro code  0x08001ac4   0x1a2  DblMul.o [4]
  .text               ro code  0x08001c68   0x256  DblDiv.o [4]
  .text               ro code  0x08001ec0    0x6c  localeconv.o [3]
  .text               ro code  0x08001f2c     0xe  div.o [3]
  .text               ro code  0x08001f3c    0x14  setlocale.o [3]
  .text               ro code  0x08001f50    0x60  xencoding_sb.o [3]
  .text               ro code  0x08001fb0    0x2c  xgetmemchunk.o [3]
  .text               ro code  0x08001fdc     0x2  I64DivZer.o [5]
  .text               ro code  0x08001fe0    0xd4  DblAdd.o [4]
  .text               ro code  0x080020b4     0x2  xtls.o [3]
  .text               ro code  0x080020b8   0x9a0  core_main.o [1]
  .text               ro code  0x08002a58   0x200  core_portme.o [1]
  .text               ro code  0x08002c58   0x380  core_util.o [1]
  .text               ro code  0x08002fd8   0x67a  core_list_join.o [1]
  .text               ro code  0x08003654   0x94c  core_matrix.o [1]
  .text               ro code  0x08003fa0   0x4b8  core_state.o [1]
  .text               ro code  0x08004458    0x24  printf.o [3]
  .text               ro code  0x0800447c     0xc  stm32f7xx_hal.o [1]
  .text               ro code  0x08004488    0x28  stm32f7xx_hal.o [1]
  .text               ro code  0x080044b0   0x548  stm32f7xx_hal_rcc.o [1]
  .text               ro code  0x080049f8    0x74  stm32f7xx_hal_pwr_ex.o [1]
  .text               ro code  0x08004a6c   0x45c  stm32f7xx_hal_rcc_ex.o [1]
  .text               ro code  0x08004ec8    0xbe  stm32f7xx_hal_cortex.o [1]
  .text               ro code  0x08004f88   0x134  gpio.o [1]
  .text               ro code  0x080050bc    0x90  usart.o [1]
  .text               ro code  0x0800514c   0x4ee  stm32f7xx_hal_uart.o [1]
  .text               ro code  0x0800563c     0x6  ABImemclr.o [5]
  .text               ro code  0x08005644    0x2c  stm32f7xx_hal.o [1]
  .text               ro code  0x08005670    0x64  stm32f7xx_hal_msp.o [1]
  .text               ro code  0x080056d4   0x1f8  stm32f7xx_hal_gpio.o [1]
  .text               ro code  0x080058cc    0x5e  ABImemset.o [5]
  .rodata             const    0x0800592c    0xb0  core_state.o [1]
  .text               ro code  0x080059dc    0x5c  system_stm32f7xx.o [1]
  .text               ro code  0x08005a38    0x40  zero_init3.o [5]
  .text               ro code  0x08005a78    0x38  packbits_init_single.o [5]
  .text               ro code  0x08005ab0    0x28  data_init.o [5]
  .text               ro code  0x08005ad8    0x22  fpinit_M.o [4]
  .iar.init_table     const    0x08005afc    0x20  - Linker created -
  .text               ro code  0x08005b1c    0x1e  stm32f7xx_it.o [1]
  .text               ro code  0x08005b3c    0x10  stm32f7xx_hal.o [1]
  .text               ro code  0x08005b4c    0x1a  cmain.o [5]
  .text               ro code  0x08005b66     0x4  low_level_init.o [3]
  .text               ro code  0x08005b6a     0x4  exit.o [3]
  .text               ro code  0x08005b70     0xa  cexit.o [5]
  .text               ro code  0x08005b7c    0x14  exit.o [6]
  .text               ro code  0x08005b90    0x16  xprout.o [3]
  .text               ro code  0x08005ba8     0xc  putchar.o [3]
  .text               ro code  0x08005bb4    0x10  startup_stm32f722xx.o [1]
  .text               ro code  0x08005bc4     0xc  cstartup_M.o [5]
  .rodata             const    0x08005bd0     0x8  system_stm32f7xx.o [1]
  .text               ro code  0x08005bd8     0x4  startup_stm32f722xx.o [1]
  .text               ro code  0x08005bdc     0x4  startup_stm32f722xx.o [1]
  .text               ro code  0x08005be0     0x4  startup_stm32f722xx.o [1]
  .text               ro code  0x08005be4     0x4  startup_stm32f722xx.o [1]
  .text               ro code  0x08005be8     0x4  startup_stm32f722xx.o [1]
  .text               ro code  0x08005bec     0x4  startup_stm32f722xx.o [1]
  .text               ro code  0x08005bf0     0x4  startup_stm32f722xx.o [1]
  .text               ro code  0x08005bf4     0x4  startup_stm32f722xx.o [1]
  .text               ro code  0x08005bf8     0x4  startup_stm32f722xx.o [1]
  .text               ro code  0x08005bfc     0x4  startup_stm32f722xx.o [1]
  .text               ro code  0x08005c00     0x4  startup_stm32f722xx.o [1]
  .text               ro code  0x08005c04     0x4  startup_stm32f722xx.o [1]
  .text               ro code  0x08005c08     0x4  startup_stm32f722xx.o [1]
  .text               ro code  0x08005c0c     0x4  startup_stm32f722xx.o [1]
  .text               ro code  0x08005c10     0x4  startup_stm32f722xx.o [1]
  .text               ro code  0x08005c14     0x4  startup_stm32f722xx.o [1]
  .text               ro code  0x08005c18     0x4  startup_stm32f722xx.o [1]
  .text               ro code  0x08005c1c     0x4  startup_stm32f722xx.o [1]
  .text               ro code  0x08005c20     0x4  startup_stm32f722xx.o [1]
  .text               ro code  0x08005c24     0x4  startup_stm32f722xx.o [1]
  .text               ro code  0x08005c28     0x4  startup_stm32f722xx.o [1]
  .text               ro code  0x08005c2c     0x4  startup_stm32f722xx.o [1]
  .text               ro code  0x08005c30     0x4  startup_stm32f722xx.o [1]
  .text               ro code  0x08005c34     0x4  startup_stm32f722xx.o [1]
  .text               ro code  0x08005c38     0x4  startup_stm32f722xx.o [1]
  .text               ro code  0x08005c3c     0x4  startup_stm32f722xx.o [1]
  .text               ro code  0x08005c40     0x4  startup_stm32f722xx.o [1]
  .text               ro code  0x08005c44     0x4  startup_stm32f722xx.o [1]
  .text               ro code  0x08005c48     0x4  startup_stm32f722xx.o [1]
  .text               ro code  0x08005c4c     0x4  startup_stm32f722xx.o [1]
  .text               ro code  0x08005c50     0x4  startup_stm32f722xx.o [1]
  .text               ro code  0x08005c54     0x4  startup_stm32f722xx.o [1]
  .text               ro code  0x08005c58     0x4  startup_stm32f722xx.o [1]
  .text               ro code  0x08005c5c     0x4  startup_stm32f722xx.o [1]
  .text               ro code  0x08005c60     0x4  startup_stm32f722xx.o [1]
  .text               ro code  0x08005c64     0x4  startup_stm32f722xx.o [1]
  .text               ro code  0x08005c68     0x4  startup_stm32f722xx.o [1]
  .text               ro code  0x08005c6c     0x4  startup_stm32f722xx.o [1]
  .text               ro code  0x08005c70     0x4  startup_stm32f722xx.o [1]
  .text               ro code  0x08005c74     0x4  startup_stm32f722xx.o [1]
  .text               ro code  0x08005c78     0x4  startup_stm32f722xx.o [1]
  .text               ro code  0x08005c7c     0x4  startup_stm32f722xx.o [1]
  .text               ro code  0x08005c80     0x4  startup_stm32f722xx.o [1]
  .text               ro code  0x08005c84     0x4  startup_stm32f722xx.o [1]
  .text               ro code  0x08005c88     0x4  startup_stm32f722xx.o [1]
  .text               ro code  0x08005c8c     0x4  startup_stm32f722xx.o [1]
  .text               ro code  0x08005c90     0x4  startup_stm32f722xx.o [1]
  .text               ro code  0x08005c94     0x4  startup_stm32f722xx.o [1]
  .text               ro code  0x08005c98     0x4  startup_stm32f722xx.o [1]
  .text               ro code  0x08005c9c     0x4  startup_stm32f722xx.o [1]
  .text               ro code  0x08005ca0     0x4  startup_stm32f722xx.o [1]
  .text               ro code  0x08005ca4     0x4  startup_stm32f722xx.o [1]
  .text               ro code  0x08005ca8     0x4  startup_stm32f722xx.o [1]
  .text               ro code  0x08005cac     0x4  startup_stm32f722xx.o [1]
  .text               ro code  0x08005cb0     0x4  startup_stm32f722xx.o [1]
  .text               ro code  0x08005cb4     0x4  startup_stm32f722xx.o [1]
  .text               ro code  0x08005cb8     0x4  startup_stm32f722xx.o [1]
  .text               ro code  0x08005cbc     0x4  startup_stm32f722xx.o [1]
  .text               ro code  0x08005cc0     0x4  startup_stm32f722xx.o [1]
  .text               ro code  0x08005cc4     0x4  startup_stm32f722xx.o [1]
  .text               ro code  0x08005cc8     0x4  startup_stm32f722xx.o [1]
  .text               ro code  0x08005ccc     0x4  startup_stm32f722xx.o [1]
  .text               ro code  0x08005cd0     0x4  startup_stm32f722xx.o [1]
  .text               ro code  0x08005cd4     0x4  startup_stm32f722xx.o [1]
  .text               ro code  0x08005cd8     0x4  startup_stm32f722xx.o [1]
  .text               ro code  0x08005cdc     0x4  startup_stm32f722xx.o [1]
  .text               ro code  0x08005ce0     0x4  startup_stm32f722xx.o [1]
  .text               ro code  0x08005ce4     0x4  startup_stm32f722xx.o [1]
  .text               ro code  0x08005ce8     0x4  startup_stm32f722xx.o [1]
  .text               ro code  0x08005cec     0x4  startup_stm32f722xx.o [1]
  .text               ro code  0x08005cf0     0x4  startup_stm32f722xx.o [1]
  .text               ro code  0x08005cf4     0x4  startup_stm32f722xx.o [1]
  .text               ro code  0x08005cf8     0x4  startup_stm32f722xx.o [1]
  .text               ro code  0x08005cfc     0x4  startup_stm32f722xx.o [1]
  .text               ro code  0x08005d00     0x4  startup_stm32f722xx.o [1]
  .text               ro code  0x08005d04     0x4  startup_stm32f722xx.o [1]
  .text               ro code  0x08005d08     0x4  startup_stm32f722xx.o [1]
  .text               ro code  0x08005d0c     0x4  startup_stm32f722xx.o [1]
  .text               ro code  0x08005d10     0x4  startup_stm32f722xx.o [1]
  .text               ro code  0x08005d14     0x4  startup_stm32f722xx.o [1]
  .text               ro code  0x08005d18     0x4  startup_stm32f722xx.o [1]
  .text               ro code  0x08005d1c     0x4  startup_stm32f722xx.o [1]
  .text               ro code  0x08005d20     0x4  startup_stm32f722xx.o [1]
  .text               ro code  0x08005d24     0x4  startup_stm32f722xx.o [1]
  .text               ro code  0x08005d28     0x4  startup_stm32f722xx.o [1]
  .rodata             const    0x08005d2c     0x0  zero_init3.o [5]
  .rodata             const    0x08005d2c     0x0  packbits_init_single.o [5]
  Initializer bytes   const    0x08005d2c    0xa1  <for P2-1>
                             - 0x08005dcd  0x5bed

"P2", part 1 of 3:                          0x1b0
  P2-1                         0x20000000   0x1b0  <Init block>
    .data             inited   0x20000000    0x24  core_main.o [1]
    .data             inited   0x20000024     0x4  core_portme.o [1]
    .data             inited   0x20000028     0x4  core_portme.o [1]
    .data             inited   0x2000002c     0x4  core_portme.o [1]
    .data             inited   0x20000030    0x40  core_state.o [1]
    .data             inited   0x20000070     0x4  system_stm32f7xx.o [1]
    .data             inited   0x20000074    0x40  xfiles.o [3]
    __DLIB_PERTHREAD  inited   0x200000b4    0x88  localeconv.o [3]
    __DLIB_PERTHREAD  inited   0x2000013c    0x74  setlocale.o [3]
                             - 0x200001b0   0x1b0

"P2", part 2 of 3:                         0x3000
  CSTACK                       0x200001b0  0x1000  <Block>
    CSTACK            uninit   0x200001b0  0x1000  <Block tail>
  HEAP                         0x200011b0  0x2000  <Block>
    HEAP              uninit   0x200011b0  0x2000  <Block tail>
                             - 0x200031b0  0x3000

"P2", part 3 of 3:                           0xe4
  .bss                zero     0x200031b0    0x70  usart.o [1]
  .bss                zero     0x20003220    0x50  xfiles.o [3]
  .bss                zero     0x20003270     0x8  core_portme.o [1]
  .bss                zero     0x20003278     0x8  xxmemxmalloc.o [3]
  .bss                zero     0x20003280     0x4  core_portme.o [1]
  .bss                zero     0x20003284     0x4  core_portme.o [1]
  .bss                zero     0x20003288     0x4  core_portme.o [1]
  .bss                zero     0x2000328c     0x4  stm32f7xx_hal.o [1]
  .bss                zero     0x20003290     0x4  xgetmemchunk.o [3]
                             - 0x20003294    0xe4


*******************************************************************************
*** INIT TABLE
***

          Address     Size
          -------     ----
Zero (__iar_zero_init3)
    1 destination range, total size 0xe4:
          0x200031b0   0xe4

Copy/packbits (__iar_packbits_init_single3)
    1 source range, total size 0xa1 (37% of destination):
          0x08005d2c   0xa1
    1 destination range, total size 0x1b0:
          0x20000000  0x1b0



*******************************************************************************
*** MODULE SUMMARY
***

    Module                  ro code  ro data  rw data
    ------                  -------  -------  -------
C:\Users\zhaojuntao.TKRE\Desktop\STM32F722-Nucleo CoreMark\STM32F722-Nucleo CoreMark\EWARM\STM32F722-Nucleo CoreMark\Obj: [1]
    core_list_join.o          1 658
    core_main.o               2 464       13       36
    core_matrix.o             2 380
    core_portme.o               512        4       32
    core_state.o              1 208      200       64
    core_util.o                 896
    gpio.o                      308
    startup_stm32f722xx.o       836
    stm32f7xx_hal.o             112                 4
    stm32f7xx_hal_cortex.o      190
    stm32f7xx_hal_gpio.o        504
    stm32f7xx_hal_msp.o         100
    stm32f7xx_hal_pwr_ex.o      116
    stm32f7xx_hal_rcc.o       1 352
    stm32f7xx_hal_rcc_ex.o    1 116
    stm32f7xx_hal_uart.o      1 262
    stm32f7xx_it.o               30
    system_stm32f7xx.o           92       10        4
    usart.o                     144               112
    -------------------------------------------------
    Total:                   15 280      227      252

command line: [2]
    -------------------------------------------------
    Total:

dl7M_tlf.a: [3]
    div.o                        14
    exit.o                        4
    localeconv.o                108       50      136
    low_level_init.o              4
    printf.o                     36
    putchar.o                    12
    setlocale.o                  20       44      116
    xencoding_sb.o               96
    xfiles.o                              24      144
    xgetmemchunk.o               44                 4
    xmbcurmax.o                  10
    xmbtowc.o                    32
    xprintffull.o             4 506
    xprout.o                     22
    xtls.o                        2
    xwctomb.o                    26
    xxmemxfree.o                128
    xxmemxmalloc.o              176                 8
    -------------------------------------------------
    Total:                    5 240      118      408

m7M_tls.a: [4]
    DblAdd.o                    212
    DblCmpGe.o                   46
    DblCmpLe.o                   46
    DblDiv.o                    598
    DblMul.o                    418
    DblSub.o                    384
    DblToI32.o                   88
    I32ToDbl.o                   48
    fpinit_M.o                   34
    xdnorm.o                     68
    xdscale.o                   276
    -------------------------------------------------
    Total:                    2 218

rt7M_tl.a: [5]
    ABImemclr.o                   6
    ABImemcpy_unaligned.o       118
    ABImemset.o                  94
    I64DivMod.o                 238
    I64DivZer.o                   2
    cexit.o                      10
    cmain.o                      26
    cstartup_M.o                 12
    data_init.o                  40
    memchr.o                     88
    packbits_init_single.o       56
    strchr.o                     22
    strlen.o                     54
    zero_init3.o                 64
    -------------------------------------------------
    Total:                      830

shb_l.a: [6]
    exit.o                       20
    -------------------------------------------------
    Total:                       20

    Gaps                         44        4
    Linker created                        32   12 288
-----------------------------------------------------
    Grand Total:             23 632      381   12 948


*******************************************************************************
*** ENTRY LIST
***

Entry                      Address   Size  Type      Object
-----                      -------   ----  ----      ------
.iar.init_table$$Base   0x08005afc          --   Gb  - Linker created -
.iar.init_table$$Limit  0x08005b1c          --   Gb  - Linker created -
?main                   0x08005b4d         Code  Gb  cmain.o [5]
AHBPrescTable           0x08005a28   0x10  Data  Gb  system_stm32f7xx.o [1]
APBPrescTable           0x08005bd0    0x8  Data  Gb  system_stm32f7xx.o [1]
BusFault_Handler        0x08005b23    0x2  Code  Gb  stm32f7xx_it.o [1]
CSTACK$$Base            0x200001b0          --   Gb  - Linker created -
CSTACK$$Limit           0x200011b0          --   Gb  - Linker created -
DebugMon_Handler        0x08005b25    0x2  Code  Gb  stm32f7xx_it.o [1]
Error_Handler           0x08002c23    0x2  Code  Gb  core_portme.o [1]
HAL_GPIO_Init           0x080056d5  0x1c2  Code  Gb  stm32f7xx_hal_gpio.o [1]
HAL_GPIO_WritePin       0x08005899    0x8  Code  Gb  stm32f7xx_hal_gpio.o [1]
HAL_GetTick             0x0800447d    0xc  Code  Wk  stm32f7xx_hal.o [1]
HAL_IncTick             0x08005b3d   0x10  Code  Wk  stm32f7xx_hal.o [1]
HAL_Init                0x08004489   0x24  Code  Gb  stm32f7xx_hal.o [1]
HAL_InitTick            0x08005645   0x2c  Code  Wk  stm32f7xx_hal.o [1]
HAL_MspInit             0x08005671   0x64  Code  Gb  stm32f7xx_hal_msp.o [1]
HAL_NVIC_SetPriority    0x08004ee3   0x52  Code  Gb  stm32f7xx_hal_cortex.o [1]
HAL_NVIC_SetPriorityGrouping
                        0x08004ec9   0x1a  Code  Gb  stm32f7xx_hal_cortex.o [1]
HAL_PWREx_EnableOverDrive
                        0x080049f9   0x6c  Code  Gb  stm32f7xx_hal_pwr_ex.o [1]
HAL_RCCEx_PeriphCLKConfig
                        0x08004a6d  0x450  Code  Gb  stm32f7xx_hal_rcc_ex.o [1]
HAL_RCC_ClockConfig     0x080047d7  0x18a  Code  Gb  stm32f7xx_hal_rcc.o [1]
HAL_RCC_GetHCLKFreq     0x080049a5    0x6  Code  Gb  stm32f7xx_hal_rcc.o [1]
HAL_RCC_GetPCLK1Freq    0x080049ab   0x14  Code  Gb  stm32f7xx_hal_rcc.o [1]
HAL_RCC_GetPCLK2Freq    0x080049bf   0x14  Code  Gb  stm32f7xx_hal_rcc.o [1]
HAL_RCC_GetSysClockFreq
                        0x08004961   0x44  Code  Gb  stm32f7xx_hal_rcc.o [1]
HAL_RCC_OscConfig       0x080044b1  0x326  Code  Gb  stm32f7xx_hal_rcc.o [1]
HAL_SYSTICK_CLKSourceConfig
                        0x08004f57   0x14  Code  Gb  stm32f7xx_hal_cortex.o [1]
HAL_SYSTICK_Callback    0x08004f85    0x2  Code  Wk  stm32f7xx_hal_cortex.o [1]
HAL_SYSTICK_Config      0x08004f35   0x22  Code  Gb  stm32f7xx_hal_cortex.o [1]
HAL_SYSTICK_IRQHandler  0x08004f81    0x4  Code  Gb  stm32f7xx_hal_cortex.o [1]
HAL_UART_Init           0x0800514d   0xc6  Code  Gb  stm32f7xx_hal_uart.o [1]
HAL_UART_MspInit        0x080050f7   0x44  Code  Gb  usart.o [1]
HAL_UART_Transmit       0x08005213   0xec  Code  Gb  stm32f7xx_hal_uart.o [1]
HEAP$$Base              0x200011b0          --   Gb  - Linker created -
HEAP$$Limit             0x200031b0          --   Gb  - Linker created -
HardFault_Handler       0x08005b1f    0x2  Code  Gb  stm32f7xx_it.o [1]
LoadInt                 0x08000857   0x6e  Code  Lc  xprintffull.o [3]
MX_GPIO_Init            0x08004f89  0x134  Code  Gb  gpio.o [1]
MX_USART3_UART_Init     0x080050bd   0x3a  Code  Gb  usart.o [1]
MemManage_Handler       0x08005b21    0x2  Code  Gb  stm32f7xx_it.o [1]
NMI_Handler             0x08005b1d    0x2  Code  Gb  stm32f7xx_it.o [1]
PendSV_Handler          0x08005b27    0x2  Code  Gb  stm32f7xx_it.o [1]
Region$$Table$$Base     0x08005afc          --   Gb  - Linker created -
Region$$Table$$Limit    0x08005b1c          --   Gb  - Linker created -
SysTick_Handler         0x08005b29   0x12  Code  Gb  stm32f7xx_it.o [1]
SystemCoreClock         0x20000070    0x4  Data  Gb  system_stm32f7xx.o [1]
SystemInit              0x080059dd   0x3c  Code  Gb  system_stm32f7xx.o [1]
UART_AdvFeatureConfig   0x08005575   0xc6  Code  Gb  stm32f7xx_hal_uart.o [1]
UART_SetConfig          0x08005301  0x24c  Code  Gb  stm32f7xx_hal_uart.o [1]
_EncodingSb_Mbtowc      0x08001f6b   0x30  Code  Gb  xencoding_sb.o [3]
_EncodingSb_Mbtowc::initial
                        0x08001fa8    0x8  Data  Lc  xencoding_sb.o [3]
_EncodingSb_Wctomb      0x08001f51   0x1a  Code  Gb  xencoding_sb.o [3]
_EncodingSb_Wctomb::initial
                        0x08001fa0    0x8  Data  Lc  xencoding_sb.o [3]
_GenldFull              0x080010dd  0x254  Code  Lc  xprintffull.o [3]
_IsdstStr               0x20000140    0x4  Data  Gb  setlocale.o [3]
_LdtobFull              0x08000cdd  0x3fa  Code  Lc  xprintffull.o [3]
_LitobFull              0x08000bd1  0x10a  Code  Lc  xprintffull.o [3]
_LocaleEncoding         0x08001f3d    0xe  Code  Gb  setlocale.o [3]
_LocaleReturnString     0x20000160   0x50  Data  Lc  setlocale.o [3]
_Locale_Profile         0x20000144   0x1c  Data  Gb  setlocale.o [3]
_Locale_aeabi_lconv     0x20000104   0x38  Data  Gb  localeconv.o [3]
_Locale_lconv           0x200000b4   0x50  Data  Gb  localeconv.o [3]
_Mbtowc                 0x0800137b   0x20  Code  Gb  xmbtowc.o [3]
_PrintfFull             0x080001e1  0x660  Code  Gb  xprintffull.o [3]
_Prout                  0x08005b91   0x16  Code  Gb  xprout.o [3]
_PutcharsFull           0x08001331   0x2e  Code  Lc  xprintffull.o [3]
_PutstrFull             0x080008c5  0x306  Code  Lc  xprintffull.o [3]
_TzoneStr               0x2000013c    0x4  Data  Gb  setlocale.o [3]
_Wctomb                 0x08001501   0x1a  Code  Gb  xwctomb.o [3]
__aeabi_cdcmple         0x08001749         Code  Gb  DblCmpLe.o [4]
__aeabi_cdrcmple        0x08001779         Code  Gb  DblCmpGe.o [4]
__aeabi_d2iz            0x080018bd         Code  Gb  DblToI32.o [4]
__aeabi_d2uiz           0x080018e9         Code  Gb  DblToI32.o [4]
__aeabi_ddiv            0x08001c69         Code  Gb  DblDiv.o [4]
__aeabi_dmul            0x08001ac5         Code  Gb  DblMul.o [4]
__aeabi_dsub            0x08001945         Code  Gb  DblSub.o [4]
__aeabi_i2d             0x08001915         Code  Gb  I32ToDbl.o [4]
__aeabi_ldiv0           0x08001fdd         Code  Gb  I64DivZer.o [5]
__aeabi_memclr          0x0800563d         Code  Gb  ABImemclr.o [5]
__aeabi_ui2d            0x08001929         Code  Gb  I32ToDbl.o [4]
__aeabi_uldivmod        0x08001615         Code  Gb  I64DivMod.o [5]
__cmain                 0x08005b4d         Code  Gb  cmain.o [5]
__data_Aldata           0x20003278    0x8  Data  Gb  xxmemxmalloc.o [3]
__data_GetMemChunk      0x08001fb1   0x2c  Code  Gb  xgetmemchunk.o [3]
__data_GetMemChunk::start
                        0x20003290    0x4  Data  Lc  xgetmemchunk.o [3]
__exit                  0x08005b7d   0x14  Code  Gb  exit.o [6]
__iar_Dnorm             0x08001703   0x44  Code  Gb  xdnorm.o [4]
__iar_Dscale            0x080017a9  0x114  Code  Gb  xdscale.o [4]
__iar_Locale_lconv_init
                        0x08001ec1   0x3a  Code  Gb  localeconv.o [3]
__iar_Mbcurmax          0x08001445    0xa  Code  Gb  xmbcurmax.o [3]
__iar_Memchr            0x080013ed         Code  Gb  memchr.o [5]
__iar_Memset_word       0x080058cd         Code  Gb  ABImemset.o [5]
__iar_Stdout            0x20000074   0x40  Data  Gb  xfiles.o [3]
__iar_Strchr            0x0800139d         Code  Gb  strchr.o [5]
__iar_d2uiz             0x080018f5         Code  Gb  DblToI32.o [4]
__iar_dadd              0x08001fe1         Code  Gb  DblAdd.o [4]
__iar_data_init3        0x08005ab1   0x28  Code  Gb  data_init.o [5]
__iar_dlib_perthread_access
                        0x080020b5    0x2  Code  Gb  xtls.o [3]
__iar_dsub              0x08001959         Code  Gb  DblSub.o [4]
__iar_dsubStart         0x0800196b         Code  Gb  DblSub.o [4]
__iar_init_vfp          0x08005ad9         Code  Gb  fpinit_M.o [4]
__iar_packbits_init_single3
                        0x08005a79   0x38  Code  Gb  packbits_init_single.o [5]
__iar_program_start     0x08005bc5         Code  Gb  cstartup_M.o [5]
__iar_ui2d              0x0800192d         Code  Gb  I32ToDbl.o [4]
__iar_unaligned___aeabi_memcpy
                        0x0800151d         Code  Gb  ABImemcpy_unaligned.o [5]
__iar_unaligned___aeabi_memcpy4
                        0x0800153d         Code  Gb  ABImemcpy_unaligned.o [5]
__iar_unaligned___aeabi_memcpy8
                        0x0800153d         Code  Gb  ABImemcpy_unaligned.o [5]
__iar_zero_init3        0x08005a39   0x40  Code  Gb  zero_init3.o [5]
__low_level_init        0x08005b67    0x4  Code  Gb  low_level_init.o [3]
__vector_table          0x08000000         Data  Gb  startup_stm32f722xx.o [1]
_call_main              0x08005b59         Code  Gb  cmain.o [5]
_exit                   0x08005b71         Code  Gb  cexit.o [5]
_main                   0x08005b63         Code  Gb  cmain.o [5]
check_data_types        0x08002fd5    0x4  Code  Gb  core_util.o [1]
cmp_complex             0x08002fd9  0x102  Code  Gb  core_list_join.o [1]
cmp_idx                 0x080030db   0x2c  Code  Gb  core_list_join.o [1]
core_bench_list         0x08003109  0x24e  Code  Gb  core_list_join.o [1]
core_bench_matrix       0x08003655  0x466  Code  Gb  core_matrix.o [1]
core_bench_state        0x08003fa1  0x3d6  Code  Gb  core_state.o [1]
core_init_matrix        0x08003ac1  0x142  Code  Gb  core_matrix.o [1]
core_init_state         0x08004379   0xda  Code  Gb  core_state.o [1]
core_list_init          0x08003359  0x230  Code  Gb  core_list_join.o [1]
core_list_mergesort     0x08003599   0xba  Code  Gb  core_list_join.o [1]
crc16                   0x08002f05   0xd0  Code  Gb  core_util.o [1]
crcu16                  0x08002ca1   0xce  Code  Gb  core_util.o [1]
crcu32                  0x08002d6f  0x196  Code  Gb  core_util.o [1]
default_num_contexts    0x2000002c    0x4  Data  Gb  core_portme.o [1]
div                     0x08001f2d    0xe  Code  Gb  div.o [3]
errpat                  0x20000060   0x10  Data  Lc  core_state.o [1]
exit                    0x08005b6b    0x4  Code  Gb  exit.o [3]
floatpat                0x20000040   0x10  Data  Lc  core_state.o [1]
fputc                   0x08002c25   0x16  Code  Gb  core_portme.o [1]
free                    0x08001595   0x7a  Code  Gb  xxmemxfree.o [3]
get_seed_32             0x08002c59   0x32  Code  Gb  core_util.o [1]
get_time                0x08002a79    0xa  Code  Gb  core_portme.o [1]
huart3                  0x200031b0   0x70  Data  Gb  usart.o [1]
intpat                  0x20000030   0x10  Data  Lc  core_state.o [1]
list_known_crc          0x20000000    0xc  Data  Lc  core_main.o [1]
localeconv              0x08001efb   0x16  Code  Gb  localeconv.o [3]
main                    0x080020b9  0x54a  Code  Gb  core_main.o [1]
malloc                  0x08001451   0xac  Code  Gb  xxmemxmalloc.o [3]
matrix_known_crc        0x2000000c    0xc  Data  Lc  core_main.o [1]
matrix_mul_matrix       0x08003c05  0x170  Code  Gb  core_matrix.o [1]
matrix_mul_matrix_bitextract
                        0x08003d75  0x22c  Code  Gb  core_matrix.o [1]
memchr                  0x080013ed         Code  Gb  memchr.o [5]
obuf                    0x20003220   0x50  Data  Lc  xfiles.o [3]
portable_fini           0x08002c1d    0x6  Code  Gb  core_portme.o [1]
portable_init           0x08002a9d  0x180  Code  Gb  core_portme.o [1]
printf                  0x08004459   0x24  Code  Gb  printf.o [3]
putchar                 0x08005ba9    0xc  Code  Gb  putchar.o [3]
scipat                  0x20000050   0x10  Data  Lc  core_state.o [1]
seed1_volatile          0x20003280    0x4  Data  Gb  core_portme.o [1]
seed2_volatile          0x20003284    0x4  Data  Gb  core_portme.o [1]
seed3_volatile          0x20000024    0x4  Data  Gb  core_portme.o [1]
seed4_volatile          0x20000028    0x4  Data  Gb  core_portme.o [1]
seed5_volatile          0x20003288    0x4  Data  Gb  core_portme.o [1]
start_time              0x08002a59   0x10  Code  Gb  core_portme.o [1]
start_time_val          0x20003270    0x4  Data  Lc  core_portme.o [1]
state_known_crc         0x20000018    0xc  Data  Lc  core_main.o [1]
stop_time               0x08002a69   0x10  Code  Gb  core_portme.o [1]
stop_time_val           0x20003274    0x4  Data  Lc  core_portme.o [1]
strchr                  0x0800139d         Code  Gb  strchr.o [5]
strlen                  0x080013b5         Code  Gb  strlen.o [5]
time_in_secs            0x08002a83   0x18  Code  Gb  core_portme.o [1]
uwTick                  0x2000328c    0x4  Data  Gb  stm32f7xx_hal.o [1]


[1] = C:\Users\zhaojuntao.TKRE\Desktop\STM32F722-Nucleo CoreMark\STM32F722-Nucleo CoreMark\EWARM\STM32F722-Nucleo CoreMark\Obj
[2] = command line
[3] = dl7M_tlf.a
[4] = m7M_tls.a
[5] = rt7M_tl.a
[6] = shb_l.a

  23 632 bytes of readonly  code memory
     381 bytes of readonly  data memory
  12 948 bytes of readwrite data memory

Errors: none
Warnings: none
