###############################################################################
#
# IAR ELF Linker V7.80.2.11947/W32 for ARM                16/Dec/2016  13:34:06
# Copyright 2007-2016 IAR Systems AB.
#
#    Output file  =  
#        C:\Users\zhaojuntao\Desktop\CoreMark≤‚ ‘\STM32F769I-DISCO_CoreMark\EWARM\STM32F769I-DISCO_CoreMark\Exe\STM32F769I-DISCO_CoreMark.out
#    Map file     =  
#        C:\Users\zhaojuntao\Desktop\CoreMark≤‚ ‘\STM32F769I-DISCO_CoreMark\EWARM\STM32F769I-DISCO_CoreMark\List\STM32F769I-DISCO_CoreMark.map
#    Command line =  
#        C:\Users\zhaojuntao\Desktop\CoreMark≤‚ ‘\STM32F769I-DISCO_CoreMark\EWARM\STM32F769I-DISCO_CoreMark\Obj\core_list_join.o
#        C:\Users\zhaojuntao\Desktop\CoreMark≤‚ ‘\STM32F769I-DISCO_CoreMark\EWARM\STM32F769I-DISCO_CoreMark\Obj\core_main.o
#        C:\Users\zhaojuntao\Desktop\CoreMark≤‚ ‘\STM32F769I-DISCO_CoreMark\EWARM\STM32F769I-DISCO_CoreMark\Obj\core_matrix.o
#        C:\Users\zhaojuntao\Desktop\CoreMark≤‚ ‘\STM32F769I-DISCO_CoreMark\EWARM\STM32F769I-DISCO_CoreMark\Obj\core_portme.o
#        C:\Users\zhaojuntao\Desktop\CoreMark≤‚ ‘\STM32F769I-DISCO_CoreMark\EWARM\STM32F769I-DISCO_CoreMark\Obj\core_state.o
#        C:\Users\zhaojuntao\Desktop\CoreMark≤‚ ‘\STM32F769I-DISCO_CoreMark\EWARM\STM32F769I-DISCO_CoreMark\Obj\core_util.o
#        C:\Users\zhaojuntao\Desktop\CoreMark≤‚ ‘\STM32F769I-DISCO_CoreMark\EWARM\STM32F769I-DISCO_CoreMark\Obj\gpio.o
#        C:\Users\zhaojuntao\Desktop\CoreMark≤‚ ‘\STM32F769I-DISCO_CoreMark\EWARM\STM32F769I-DISCO_CoreMark\Obj\startup_stm32f769xx.o
#        C:\Users\zhaojuntao\Desktop\CoreMark≤‚ ‘\STM32F769I-DISCO_CoreMark\EWARM\STM32F769I-DISCO_CoreMark\Obj\stm32f7xx_hal.o
#        C:\Users\zhaojuntao\Desktop\CoreMark≤‚ ‘\STM32F769I-DISCO_CoreMark\EWARM\STM32F769I-DISCO_CoreMark\Obj\stm32f7xx_hal_cortex.o
#        C:\Users\zhaojuntao\Desktop\CoreMark≤‚ ‘\STM32F769I-DISCO_CoreMark\EWARM\STM32F769I-DISCO_CoreMark\Obj\stm32f7xx_hal_dma.o
#        C:\Users\zhaojuntao\Desktop\CoreMark≤‚ ‘\STM32F769I-DISCO_CoreMark\EWARM\STM32F769I-DISCO_CoreMark\Obj\stm32f7xx_hal_dma_ex.o
#        C:\Users\zhaojuntao\Desktop\CoreMark≤‚ ‘\STM32F769I-DISCO_CoreMark\EWARM\STM32F769I-DISCO_CoreMark\Obj\stm32f7xx_hal_flash.o
#        C:\Users\zhaojuntao\Desktop\CoreMark≤‚ ‘\STM32F769I-DISCO_CoreMark\EWARM\STM32F769I-DISCO_CoreMark\Obj\stm32f7xx_hal_flash_ex.o
#        C:\Users\zhaojuntao\Desktop\CoreMark≤‚ ‘\STM32F769I-DISCO_CoreMark\EWARM\STM32F769I-DISCO_CoreMark\Obj\stm32f7xx_hal_gpio.o
#        C:\Users\zhaojuntao\Desktop\CoreMark≤‚ ‘\STM32F769I-DISCO_CoreMark\EWARM\STM32F769I-DISCO_CoreMark\Obj\stm32f7xx_hal_i2c.o
#        C:\Users\zhaojuntao\Desktop\CoreMark≤‚ ‘\STM32F769I-DISCO_CoreMark\EWARM\STM32F769I-DISCO_CoreMark\Obj\stm32f7xx_hal_i2c_ex.o
#        C:\Users\zhaojuntao\Desktop\CoreMark≤‚ ‘\STM32F769I-DISCO_CoreMark\EWARM\STM32F769I-DISCO_CoreMark\Obj\stm32f7xx_hal_msp.o
#        C:\Users\zhaojuntao\Desktop\CoreMark≤‚ ‘\STM32F769I-DISCO_CoreMark\EWARM\STM32F769I-DISCO_CoreMark\Obj\stm32f7xx_hal_pwr.o
#        C:\Users\zhaojuntao\Desktop\CoreMark≤‚ ‘\STM32F769I-DISCO_CoreMark\EWARM\STM32F769I-DISCO_CoreMark\Obj\stm32f7xx_hal_pwr_ex.o
#        C:\Users\zhaojuntao\Desktop\CoreMark≤‚ ‘\STM32F769I-DISCO_CoreMark\EWARM\STM32F769I-DISCO_CoreMark\Obj\stm32f7xx_hal_rcc.o
#        C:\Users\zhaojuntao\Desktop\CoreMark≤‚ ‘\STM32F769I-DISCO_CoreMark\EWARM\STM32F769I-DISCO_CoreMark\Obj\stm32f7xx_hal_rcc_ex.o
#        C:\Users\zhaojuntao\Desktop\CoreMark≤‚ ‘\STM32F769I-DISCO_CoreMark\EWARM\STM32F769I-DISCO_CoreMark\Obj\stm32f7xx_hal_tim.o
#        C:\Users\zhaojuntao\Desktop\CoreMark≤‚ ‘\STM32F769I-DISCO_CoreMark\EWARM\STM32F769I-DISCO_CoreMark\Obj\stm32f7xx_hal_tim_ex.o
#        C:\Users\zhaojuntao\Desktop\CoreMark≤‚ ‘\STM32F769I-DISCO_CoreMark\EWARM\STM32F769I-DISCO_CoreMark\Obj\stm32f7xx_hal_uart.o
#        C:\Users\zhaojuntao\Desktop\CoreMark≤‚ ‘\STM32F769I-DISCO_CoreMark\EWARM\STM32F769I-DISCO_CoreMark\Obj\stm32f7xx_it.o
#        C:\Users\zhaojuntao\Desktop\CoreMark≤‚ ‘\STM32F769I-DISCO_CoreMark\EWARM\STM32F769I-DISCO_CoreMark\Obj\system_stm32f7xx.o
#        C:\Users\zhaojuntao\Desktop\CoreMark≤‚ ‘\STM32F769I-DISCO_CoreMark\EWARM\STM32F769I-DISCO_CoreMark\Obj\usart.o
#        --redirect _Printf=_PrintfFull --redirect _Scanf=_ScanfFull -o
#        C:\Users\zhaojuntao\Desktop\CoreMark≤‚ ‘\STM32F769I-DISCO_CoreMark\EWARM\STM32F769I-DISCO_CoreMark\Exe\STM32F769I-DISCO_CoreMark.out
#        --map
#        C:\Users\zhaojuntao\Desktop\CoreMark≤‚ ‘\STM32F769I-DISCO_CoreMark\EWARM\STM32F769I-DISCO_CoreMark\List\STM32F769I-DISCO_CoreMark.map
#        --config
#        C:\Users\zhaojuntao\Desktop\CoreMark≤‚ ‘\STM32F769I-DISCO_CoreMark\EWARM/stm32f769xx_flash.icf
#        --semihosting --entry __iar_program_start --vfe
#
###############################################################################

*******************************************************************************
*** RUNTIME MODEL ATTRIBUTES
***

CppFlavor                     = *
__Heap_Handler                = Basic
__SystemLibrary               = DLib
__dlib_dynamic_initialization = normal


*******************************************************************************
*** PLACEMENT SUMMARY
***

"A0":  place at 0x08000000 { ro section .intvec };
"P1":  place in [from 0x08000000 to 0x081fffff] { ro };
"P2":  place in [from 0x20000000 to 0x2007ffff] { rw, block CSTACK, block HEAP };
initialize by copy { rw };

  Section             Kind        Address    Size  Object
  -------             ----        -------    ----  ------
"A0":                                       0x1f8
  .intvec             ro code  0x08000000   0x1f8  startup_stm32f769xx.o [1]
                             - 0x080001f8   0x1f8

"P1":                                      0x5c79
  .text               ro code  0x080001f8  0x119a  xprintffull.o [3]
  .text               ro code  0x08001392    0x20  xmbtowc.o [3]
  .text               ro code  0x080013b4    0x16  strchr.o [5]
  .text               ro code  0x080013cc    0x36  strlen.o [5]
  .text               ro code  0x08001404    0x58  memchr.o [5]
  .text               ro code  0x0800145c     0xa  xmbcurmax.o [3]
  .text               ro code  0x08001468    0xb0  xxmemxmalloc.o [3]
  .text               ro code  0x08001518    0x1a  xwctomb.o [3]
  .text               ro code  0x08001534    0x76  ABImemcpy_unaligned.o [5]
  .text               ro code  0x080015ac    0x80  xxmemxfree.o [3]
  .text               ro code  0x0800162c    0xee  I64DivMod.o [5]
  .text               ro code  0x0800171a    0x44  xdnorm.o [4]
  .text               ro code  0x08001760    0x2e  DblCmpLe.o [4]
  .text               ro code  0x08001790    0x2e  DblCmpGe.o [4]
  .text               ro code  0x080017c0   0x114  xdscale.o [4]
  .text               ro code  0x080018d4     0xe  DblToS32.o [4]
  .text               ro code  0x080018e2     0xe  S32ToDbl.o [4]
  .text               ro code  0x080018f0    0x12  DblSub.o [4]
  .text               ro code  0x08001902    0x12  DblMul.o [4]
  .text               ro code  0x08001914    0x12  DblDiv.o [4]
  .text               ro code  0x08001926     0xe  DblToU32.o [4]
  .text               ro code  0x08001934     0xe  U32ToDbl.o [4]
  .text               ro code  0x08001944    0x6c  localeconv.o [3]
  .text               ro code  0x080019b0     0xe  div.o [3]
  .text               ro code  0x080019c0    0x14  setlocale.o [3]
  .text               ro code  0x080019d4    0x60  xencoding_sb.o [3]
  .text               ro code  0x08001a34    0x2c  xgetmemchunk.o [3]
  .text               ro code  0x08001a60     0x2  I64DivZer.o [5]
  .text               ro code  0x08001a62     0x2  xtls.o [3]
  .text               ro code  0x08001a64   0x988  core_main.o [1]
  .text               ro code  0x080023ec   0x200  core_portme.o [1]
  .text               ro code  0x080025ec   0x380  core_util.o [1]
  .text               ro code  0x0800296c   0x67a  core_list_join.o [1]
  .text               ro code  0x08002fe8   0x94c  core_matrix.o [1]
  .text               ro code  0x08003934   0x4b8  core_state.o [1]
  .text               ro code  0x08003dec    0x24  printf.o [3]
  .text               ro code  0x08003e10     0xc  stm32f7xx_hal.o [1]
  .text               ro code  0x08003e1c    0x28  stm32f7xx_hal.o [1]
  .text               ro code  0x08003e44   0x508  stm32f7xx_hal_rcc.o [1]
  .text               ro code  0x0800434c    0x74  stm32f7xx_hal_pwr_ex.o [1]
  .text               ro code  0x080043c0   0x558  stm32f7xx_hal_rcc_ex.o [1]
  .text               ro code  0x08004918    0xbe  stm32f7xx_hal_cortex.o [1]
  .text               ro code  0x080049d8   0x6c4  gpio.o [1]
  .text               ro code  0x0800509c    0xac  usart.o [1]
  .text               ro code  0x08005148   0x50e  stm32f7xx_hal_uart.o [1]
  .text               ro code  0x08005658     0x6  ABImemclr.o [5]
  .text               ro code  0x08005660    0x2c  stm32f7xx_hal.o [1]
  .text               ro code  0x0800568c    0x64  stm32f7xx_hal_msp.o [1]
  .text               ro code  0x080056f0   0x20c  stm32f7xx_hal_gpio.o [1]
  .text               ro code  0x080058fc    0x5e  ABImemset.o [5]
  .rodata             const    0x0800595c    0xb0  core_state.o [1]
  .text               ro code  0x08005a0c    0x5c  system_stm32f7xx.o [1]
  .text               ro code  0x08005a68    0x40  zero_init3.o [5]
  .text               ro code  0x08005aa8    0x38  packbits_init_single.o [5]
  .text               ro code  0x08005ae0    0x28  data_init.o [5]
  .text               ro code  0x08005b08    0x22  fpinit_M.o [4]
  .iar.init_table     const    0x08005b2c    0x20  - Linker created -
  .text               ro code  0x08005b4c    0x1a  cmain.o [5]
  .text               ro code  0x08005b66     0x4  low_level_init.o [3]
  .text               ro code  0x08005b6a     0x4  exit.o [3]
  .text               ro code  0x08005b70     0xa  cexit.o [5]
  .text               ro code  0x08005b7c    0x14  exit.o [6]
  .text               ro code  0x08005b90    0x16  xprout.o [3]
  .text               ro code  0x08005ba8     0xc  putchar.o [3]
  .text               ro code  0x08005bb4    0x12  stm32f7xx_it.o [1]
  .text               ro code  0x08005bc8    0x10  stm32f7xx_hal.o [1]
  .text               ro code  0x08005bd8    0x10  startup_stm32f769xx.o [1]
  .text               ro code  0x08005be8     0xc  cstartup_M.o [5]
  .rodata             const    0x08005bf4     0x8  system_stm32f7xx.o [1]
  .text               ro code  0x08005bfc     0x4  startup_stm32f769xx.o [1]
  .text               ro code  0x08005c00     0x4  startup_stm32f769xx.o [1]
  .text               ro code  0x08005c04     0x4  startup_stm32f769xx.o [1]
  .text               ro code  0x08005c08     0x4  startup_stm32f769xx.o [1]
  .text               ro code  0x08005c0c     0x4  startup_stm32f769xx.o [1]
  .text               ro code  0x08005c10     0x4  startup_stm32f769xx.o [1]
  .text               ro code  0x08005c14     0x4  startup_stm32f769xx.o [1]
  .text               ro code  0x08005c18     0x4  startup_stm32f769xx.o [1]
  .text               ro code  0x08005c1c     0x4  startup_stm32f769xx.o [1]
  .text               ro code  0x08005c20     0x4  startup_stm32f769xx.o [1]
  .text               ro code  0x08005c24     0x4  startup_stm32f769xx.o [1]
  .text               ro code  0x08005c28     0x4  startup_stm32f769xx.o [1]
  .text               ro code  0x08005c2c     0x4  startup_stm32f769xx.o [1]
  .text               ro code  0x08005c30     0x4  startup_stm32f769xx.o [1]
  .text               ro code  0x08005c34     0x4  startup_stm32f769xx.o [1]
  .text               ro code  0x08005c38     0x4  startup_stm32f769xx.o [1]
  .text               ro code  0x08005c3c     0x4  startup_stm32f769xx.o [1]
  .text               ro code  0x08005c40     0x4  startup_stm32f769xx.o [1]
  .text               ro code  0x08005c44     0x4  startup_stm32f769xx.o [1]
  .text               ro code  0x08005c48     0x4  startup_stm32f769xx.o [1]
  .text               ro code  0x08005c4c     0x4  startup_stm32f769xx.o [1]
  .text               ro code  0x08005c50     0x4  startup_stm32f769xx.o [1]
  .text               ro code  0x08005c54     0x4  startup_stm32f769xx.o [1]
  .text               ro code  0x08005c58     0x4  startup_stm32f769xx.o [1]
  .text               ro code  0x08005c5c     0x4  startup_stm32f769xx.o [1]
  .text               ro code  0x08005c60     0x4  startup_stm32f769xx.o [1]
  .text               ro code  0x08005c64     0x4  startup_stm32f769xx.o [1]
  .text               ro code  0x08005c68     0x4  startup_stm32f769xx.o [1]
  .text               ro code  0x08005c6c     0x4  startup_stm32f769xx.o [1]
  .text               ro code  0x08005c70     0x4  startup_stm32f769xx.o [1]
  .text               ro code  0x08005c74     0x4  startup_stm32f769xx.o [1]
  .text               ro code  0x08005c78     0x4  startup_stm32f769xx.o [1]
  .text               ro code  0x08005c7c     0x4  startup_stm32f769xx.o [1]
  .text               ro code  0x08005c80     0x4  startup_stm32f769xx.o [1]
  .text               ro code  0x08005c84     0x4  startup_stm32f769xx.o [1]
  .text               ro code  0x08005c88     0x4  startup_stm32f769xx.o [1]
  .text               ro code  0x08005c8c     0x4  startup_stm32f769xx.o [1]
  .text               ro code  0x08005c90     0x4  startup_stm32f769xx.o [1]
  .text               ro code  0x08005c94     0x4  startup_stm32f769xx.o [1]
  .text               ro code  0x08005c98     0x4  startup_stm32f769xx.o [1]
  .text               ro code  0x08005c9c     0x4  startup_stm32f769xx.o [1]
  .text               ro code  0x08005ca0     0x4  startup_stm32f769xx.o [1]
  .text               ro code  0x08005ca4     0x4  startup_stm32f769xx.o [1]
  .text               ro code  0x08005ca8     0x4  startup_stm32f769xx.o [1]
  .text               ro code  0x08005cac     0x4  startup_stm32f769xx.o [1]
  .text               ro code  0x08005cb0     0x4  startup_stm32f769xx.o [1]
  .text               ro code  0x08005cb4     0x4  startup_stm32f769xx.o [1]
  .text               ro code  0x08005cb8     0x4  startup_stm32f769xx.o [1]
  .text               ro code  0x08005cbc     0x4  startup_stm32f769xx.o [1]
  .text               ro code  0x08005cc0     0x4  startup_stm32f769xx.o [1]
  .text               ro code  0x08005cc4     0x4  startup_stm32f769xx.o [1]
  .text               ro code  0x08005cc8     0x4  startup_stm32f769xx.o [1]
  .text               ro code  0x08005ccc     0x4  startup_stm32f769xx.o [1]
  .text               ro code  0x08005cd0     0x4  startup_stm32f769xx.o [1]
  .text               ro code  0x08005cd4     0x4  startup_stm32f769xx.o [1]
  .text               ro code  0x08005cd8     0x4  startup_stm32f769xx.o [1]
  .text               ro code  0x08005cdc     0x4  startup_stm32f769xx.o [1]
  .text               ro code  0x08005ce0     0x4  startup_stm32f769xx.o [1]
  .text               ro code  0x08005ce4     0x4  startup_stm32f769xx.o [1]
  .text               ro code  0x08005ce8     0x4  startup_stm32f769xx.o [1]
  .text               ro code  0x08005cec     0x4  startup_stm32f769xx.o [1]
  .text               ro code  0x08005cf0     0x4  startup_stm32f769xx.o [1]
  .text               ro code  0x08005cf4     0x4  startup_stm32f769xx.o [1]
  .text               ro code  0x08005cf8     0x4  startup_stm32f769xx.o [1]
  .text               ro code  0x08005cfc     0x4  startup_stm32f769xx.o [1]
  .text               ro code  0x08005d00     0x4  startup_stm32f769xx.o [1]
  .text               ro code  0x08005d04     0x4  startup_stm32f769xx.o [1]
  .text               ro code  0x08005d08     0x4  startup_stm32f769xx.o [1]
  .text               ro code  0x08005d0c     0x4  startup_stm32f769xx.o [1]
  .text               ro code  0x08005d10     0x4  startup_stm32f769xx.o [1]
  .text               ro code  0x08005d14     0x4  startup_stm32f769xx.o [1]
  .text               ro code  0x08005d18     0x4  startup_stm32f769xx.o [1]
  .text               ro code  0x08005d1c     0x4  startup_stm32f769xx.o [1]
  .text               ro code  0x08005d20     0x4  startup_stm32f769xx.o [1]
  .text               ro code  0x08005d24     0x4  startup_stm32f769xx.o [1]
  .text               ro code  0x08005d28     0x4  startup_stm32f769xx.o [1]
  .text               ro code  0x08005d2c     0x4  startup_stm32f769xx.o [1]
  .text               ro code  0x08005d30     0x4  startup_stm32f769xx.o [1]
  .text               ro code  0x08005d34     0x4  startup_stm32f769xx.o [1]
  .text               ro code  0x08005d38     0x4  startup_stm32f769xx.o [1]
  .text               ro code  0x08005d3c     0x4  startup_stm32f769xx.o [1]
  .text               ro code  0x08005d40     0x4  startup_stm32f769xx.o [1]
  .text               ro code  0x08005d44     0x4  startup_stm32f769xx.o [1]
  .text               ro code  0x08005d48     0x4  startup_stm32f769xx.o [1]
  .text               ro code  0x08005d4c     0x4  startup_stm32f769xx.o [1]
  .text               ro code  0x08005d50     0x4  startup_stm32f769xx.o [1]
  .text               ro code  0x08005d54     0x4  startup_stm32f769xx.o [1]
  .text               ro code  0x08005d58     0x4  startup_stm32f769xx.o [1]
  .text               ro code  0x08005d5c     0x4  startup_stm32f769xx.o [1]
  .text               ro code  0x08005d60     0x4  startup_stm32f769xx.o [1]
  .text               ro code  0x08005d64     0x4  startup_stm32f769xx.o [1]
  .text               ro code  0x08005d68     0x4  startup_stm32f769xx.o [1]
  .text               ro code  0x08005d6c     0x4  startup_stm32f769xx.o [1]
  .text               ro code  0x08005d70     0x4  startup_stm32f769xx.o [1]
  .text               ro code  0x08005d74     0x4  startup_stm32f769xx.o [1]
  .text               ro code  0x08005d78     0x4  startup_stm32f769xx.o [1]
  .text               ro code  0x08005d7c     0x4  startup_stm32f769xx.o [1]
  .text               ro code  0x08005d80     0x4  startup_stm32f769xx.o [1]
  .text               ro code  0x08005d84     0x4  startup_stm32f769xx.o [1]
  .text               ro code  0x08005d88     0x4  startup_stm32f769xx.o [1]
  .text               ro code  0x08005d8c     0x4  startup_stm32f769xx.o [1]
  .text               ro code  0x08005d90     0x4  startup_stm32f769xx.o [1]
  .text               ro code  0x08005d94     0x4  startup_stm32f769xx.o [1]
  .text               ro code  0x08005d98     0x4  startup_stm32f769xx.o [1]
  .text               ro code  0x08005d9c     0x4  startup_stm32f769xx.o [1]
  .text               ro code  0x08005da0     0x4  startup_stm32f769xx.o [1]
  .text               ro code  0x08005da4     0x4  startup_stm32f769xx.o [1]
  .text               ro code  0x08005da8     0x4  startup_stm32f769xx.o [1]
  .text               ro code  0x08005dac     0x4  startup_stm32f769xx.o [1]
  .text               ro code  0x08005db0     0x4  startup_stm32f769xx.o [1]
  .text               ro code  0x08005db4     0x4  startup_stm32f769xx.o [1]
  .text               ro code  0x08005db8     0x4  startup_stm32f769xx.o [1]
  .text               ro code  0x08005dbc     0x4  startup_stm32f769xx.o [1]
  .text               ro code  0x08005dc0     0x4  startup_stm32f769xx.o [1]
  .text               ro code  0x08005dc4     0x4  startup_stm32f769xx.o [1]
  .text               ro code  0x08005dc8     0x4  startup_stm32f769xx.o [1]
  .text               ro code  0x08005dcc     0x4  startup_stm32f769xx.o [1]
  .rodata             const    0x08005dd0     0x0  zero_init3.o [5]
  .rodata             const    0x08005dd0     0x0  packbits_init_single.o [5]
  Initializer bytes   const    0x08005dd0    0xa1  <for P2-1>
                             - 0x08005e71  0x5c79

"P2", part 1 of 3:                          0x1b0
  P2-1                         0x20000000   0x1b0  <Init block>
    .data             inited   0x20000000    0x24  core_main.o [1]
    .data             inited   0x20000024     0x4  core_portme.o [1]
    .data             inited   0x20000028     0x4  core_portme.o [1]
    .data             inited   0x2000002c     0x4  core_portme.o [1]
    .data             inited   0x20000030    0x40  core_state.o [1]
    .data             inited   0x20000070     0x4  system_stm32f7xx.o [1]
    .data             inited   0x20000074    0x40  xfiles.o [3]
    __DLIB_PERTHREAD  inited   0x200000b4    0x88  localeconv.o [3]
    __DLIB_PERTHREAD  inited   0x2000013c    0x74  setlocale.o [3]
                             - 0x200001b0   0x1b0

"P2", part 2 of 3:                         0x4000
  CSTACK                       0x200001b0  0x2000  <Block>
    CSTACK            uninit   0x200001b0  0x2000  <Block tail>
  HEAP                         0x200021b0  0x2000  <Block>
    HEAP              uninit   0x200021b0  0x2000  <Block tail>
                             - 0x200041b0  0x4000

"P2", part 3 of 3:                           0xe4
  .bss                zero     0x200041b0    0x70  usart.o [1]
  .bss                zero     0x20004220    0x50  xfiles.o [3]
  .bss                zero     0x20004270     0x8  core_portme.o [1]
  .bss                zero     0x20004278     0x8  xxmemxmalloc.o [3]
  .bss                zero     0x20004280     0x4  core_portme.o [1]
  .bss                zero     0x20004284     0x4  core_portme.o [1]
  .bss                zero     0x20004288     0x4  core_portme.o [1]
  .bss                zero     0x2000428c     0x4  stm32f7xx_hal.o [1]
  .bss                zero     0x20004290     0x4  xgetmemchunk.o [3]
                             - 0x20004294    0xe4


*******************************************************************************
*** INIT TABLE
***

          Address     Size
          -------     ----
Zero (__iar_zero_init3)
    1 destination range, total size 0xe4:
          0x200041b0   0xe4

Copy/packbits (__iar_packbits_init_single3)
    1 source range, total size 0xa1 (37% of destination):
          0x08005dd0   0xa1
    1 destination range, total size 0x1b0:
          0x20000000  0x1b0



*******************************************************************************
*** MODULE SUMMARY
***

    Module                  ro code  ro data  rw data
    ------                  -------  -------  -------
C:\Users\zhaojuntao\Desktop\CoreMark≤‚ ‘\STM32F769I-DISCO_CoreMark\EWARM\STM32F769I-DISCO_CoreMark\Obj: [1]
    core_list_join.o          1 658
    core_main.o               2 440       13       36
    core_matrix.o             2 380
    core_portme.o               512        4       32
    core_state.o              1 208      200       64
    core_util.o                 896
    gpio.o                    1 732
    startup_stm32f769xx.o       988
    stm32f7xx_hal.o             112                 4
    stm32f7xx_hal_cortex.o      190
    stm32f7xx_hal_gpio.o        524
    stm32f7xx_hal_msp.o         100
    stm32f7xx_hal_pwr_ex.o      116
    stm32f7xx_hal_rcc.o       1 288
    stm32f7xx_hal_rcc_ex.o    1 368
    stm32f7xx_hal_uart.o      1 294
    stm32f7xx_it.o               18
    system_stm32f7xx.o           92       10        4
    usart.o                     172               112
    -------------------------------------------------
    Total:                   17 088      227      252

command line: [2]
    -------------------------------------------------
    Total:

dl7M_tlf.a: [3]
    div.o                        14
    exit.o                        4
    localeconv.o                108       50      136
    low_level_init.o              4
    printf.o                     36
    putchar.o                    12
    setlocale.o                  20       44      116
    xencoding_sb.o               96
    xfiles.o                              24      144
    xgetmemchunk.o               44                 4
    xmbcurmax.o                  10
    xmbtowc.o                    32
    xprintffull.o             4 506
    xprout.o                     22
    xtls.o                        2
    xwctomb.o                    26
    xxmemxfree.o                128
    xxmemxmalloc.o              176                 8
    -------------------------------------------------
    Total:                    5 240      118      408

m7M_tlv.a: [4]
    DblCmpGe.o                   46
    DblCmpLe.o                   46
    DblDiv.o                     18
    DblMul.o                     18
    DblSub.o                     18
    DblToS32.o                   14
    DblToU32.o                   14
    S32ToDbl.o                   14
    U32ToDbl.o                   14
    fpinit_M.o                   34
    xdnorm.o                     68
    xdscale.o                   276
    -------------------------------------------------
    Total:                      580

rt7M_tl.a: [5]
    ABImemclr.o                   6
    ABImemcpy_unaligned.o       118
    ABImemset.o                  94
    I64DivMod.o                 238
    I64DivZer.o                   2
    cexit.o                      10
    cmain.o                      26
    cstartup_M.o                 12
    data_init.o                  40
    memchr.o                     88
    packbits_init_single.o       56
    strchr.o                     22
    strlen.o                     54
    zero_init3.o                 64
    -------------------------------------------------
    Total:                      830

shb_l.a: [6]
    exit.o                       20
    -------------------------------------------------
    Total:                       20

    Gaps                         38        4
    Linker created                        32   16 384
-----------------------------------------------------
    Grand Total:             23 796      381   17 044


*******************************************************************************
*** ENTRY LIST
***

Entry                      Address   Size  Type      Object
-----                      -------   ----  ----      ------
.iar.init_table$$Base   0x08005b2c          --   Gb  - Linker created -
.iar.init_table$$Limit  0x08005b4c          --   Gb  - Linker created -
?main                   0x08005b4d         Code  Gb  cmain.o [5]
AHBPrescTable           0x08005a58   0x10  Data  Gb  system_stm32f7xx.o [1]
APBPrescTable           0x08005bf4    0x8  Data  Gb  system_stm32f7xx.o [1]
CSTACK$$Base            0x200001b0          --   Gb  - Linker created -
CSTACK$$Limit           0x200021b0          --   Gb  - Linker created -
Error_Handler           0x080025b1    0x2  Code  Gb  core_portme.o [1]
HAL_GPIO_Init           0x080056f1  0x1d6  Code  Gb  stm32f7xx_hal_gpio.o [1]
HAL_GetTick             0x08003e11    0xc  Code  Wk  stm32f7xx_hal.o [1]
HAL_IncTick             0x08005bc9   0x10  Code  Wk  stm32f7xx_hal.o [1]
HAL_Init                0x08003e1d   0x24  Code  Gb  stm32f7xx_hal.o [1]
HAL_InitTick            0x08005661   0x2c  Code  Wk  stm32f7xx_hal.o [1]
HAL_MspInit             0x0800568d   0x64  Code  Gb  stm32f7xx_hal_msp.o [1]
HAL_NVIC_SetPriority    0x08004933   0x52  Code  Gb  stm32f7xx_hal_cortex.o [1]
HAL_NVIC_SetPriorityGrouping
                        0x08004919   0x1a  Code  Gb  stm32f7xx_hal_cortex.o [1]
HAL_PWREx_EnableOverDrive
                        0x0800434d   0x6c  Code  Gb  stm32f7xx_hal_pwr_ex.o [1]
HAL_RCCEx_PeriphCLKConfig
                        0x080043c1  0x54c  Code  Gb  stm32f7xx_hal_rcc_ex.o [1]
HAL_RCC_ClockConfig     0x0800412d  0x18a  Code  Gb  stm32f7xx_hal_rcc.o [1]
HAL_RCC_GetHCLKFreq     0x080042fb    0x6  Code  Gb  stm32f7xx_hal_rcc.o [1]
HAL_RCC_GetPCLK1Freq    0x08004301   0x14  Code  Gb  stm32f7xx_hal_rcc.o [1]
HAL_RCC_GetPCLK2Freq    0x08004315   0x14  Code  Gb  stm32f7xx_hal_rcc.o [1]
HAL_RCC_GetSysClockFreq
                        0x080042b7   0x44  Code  Gb  stm32f7xx_hal_rcc.o [1]
HAL_RCC_OscConfig       0x08003e45  0x2e8  Code  Gb  stm32f7xx_hal_rcc.o [1]
HAL_SYSTICK_CLKSourceConfig
                        0x080049a7   0x14  Code  Gb  stm32f7xx_hal_cortex.o [1]
HAL_SYSTICK_Callback    0x080049d5    0x2  Code  Wk  stm32f7xx_hal_cortex.o [1]
HAL_SYSTICK_Config      0x08004985   0x22  Code  Gb  stm32f7xx_hal_cortex.o [1]
HAL_SYSTICK_IRQHandler  0x080049d1    0x4  Code  Gb  stm32f7xx_hal_cortex.o [1]
HAL_UART_Init           0x08005149   0xe6  Code  Gb  stm32f7xx_hal_uart.o [1]
HAL_UART_MspInit        0x080050d7   0x62  Code  Gb  usart.o [1]
HAL_UART_Transmit       0x0800522f   0xec  Code  Gb  stm32f7xx_hal_uart.o [1]
HEAP$$Base              0x200021b0          --   Gb  - Linker created -
HEAP$$Limit             0x200041b0          --   Gb  - Linker created -
LoadInt                 0x0800086f   0x6e  Code  Lc  xprintffull.o [3]
MX_GPIO_Init            0x080049d9  0x6c4  Code  Gb  gpio.o [1]
MX_USART1_UART_Init     0x0800509d   0x3a  Code  Gb  usart.o [1]
Region$$Table$$Base     0x08005b2c          --   Gb  - Linker created -
Region$$Table$$Limit    0x08005b4c          --   Gb  - Linker created -
SysTick_Handler         0x08005bb5   0x12  Code  Gb  stm32f7xx_it.o [1]
SystemCoreClock         0x20000070    0x4  Data  Gb  system_stm32f7xx.o [1]
SystemInit              0x08005a0d   0x3c  Code  Gb  system_stm32f7xx.o [1]
UART_AdvFeatureConfig   0x08005591   0xc6  Code  Gb  stm32f7xx_hal_uart.o [1]
UART_SetConfig          0x0800531d  0x24c  Code  Gb  stm32f7xx_hal_uart.o [1]
_EncodingSb_Mbtowc      0x080019ef   0x30  Code  Gb  xencoding_sb.o [3]
_EncodingSb_Mbtowc::initial
                        0x08001a2c    0x8  Data  Lc  xencoding_sb.o [3]
_EncodingSb_Wctomb      0x080019d5   0x1a  Code  Gb  xencoding_sb.o [3]
_EncodingSb_Wctomb::initial
                        0x08001a24    0x8  Data  Lc  xencoding_sb.o [3]
_GenldFull              0x080010f5  0x254  Code  Lc  xprintffull.o [3]
_IsdstStr               0x20000140    0x4  Data  Gb  setlocale.o [3]
_LdtobFull              0x08000cf5  0x3fa  Code  Lc  xprintffull.o [3]
_LitobFull              0x08000be9  0x10a  Code  Lc  xprintffull.o [3]
_LocaleEncoding         0x080019c1    0xe  Code  Gb  setlocale.o [3]
_LocaleReturnString     0x20000160   0x50  Data  Lc  setlocale.o [3]
_Locale_Profile         0x20000144   0x1c  Data  Gb  setlocale.o [3]
_Locale_aeabi_lconv     0x20000104   0x38  Data  Gb  localeconv.o [3]
_Locale_lconv           0x200000b4   0x50  Data  Gb  localeconv.o [3]
_Mbtowc                 0x08001393   0x20  Code  Gb  xmbtowc.o [3]
_PrintfFull             0x080001f9  0x660  Code  Gb  xprintffull.o [3]
_Prout                  0x08005b91   0x16  Code  Gb  xprout.o [3]
_PutcharsFull           0x08001349   0x2e  Code  Lc  xprintffull.o [3]
_PutstrFull             0x080008dd  0x306  Code  Lc  xprintffull.o [3]
_TzoneStr               0x2000013c    0x4  Data  Gb  setlocale.o [3]
_Wctomb                 0x08001519   0x1a  Code  Gb  xwctomb.o [3]
__aeabi_cdcmple         0x08001761         Code  Gb  DblCmpLe.o [4]
__aeabi_cdrcmple        0x08001791         Code  Gb  DblCmpGe.o [4]
__aeabi_d2iz            0x080018d5    0xe  Code  Gb  DblToS32.o [4]
__aeabi_d2uiz           0x08001927    0xe  Code  Gb  DblToU32.o [4]
__aeabi_ddiv            0x08001915   0x12  Code  Gb  DblDiv.o [4]
__aeabi_dmul            0x08001903   0x12  Code  Gb  DblMul.o [4]
__aeabi_dsub            0x080018f1   0x12  Code  Gb  DblSub.o [4]
__aeabi_i2d             0x080018e3    0xe  Code  Gb  S32ToDbl.o [4]
__aeabi_ldiv0           0x08001a61         Code  Gb  I64DivZer.o [5]
__aeabi_memclr          0x08005659         Code  Gb  ABImemclr.o [5]
__aeabi_ui2d            0x08001935    0xe  Code  Gb  U32ToDbl.o [4]
__aeabi_uldivmod        0x0800162d         Code  Gb  I64DivMod.o [5]
__cmain                 0x08005b4d         Code  Gb  cmain.o [5]
__data_Aldata           0x20004278    0x8  Data  Gb  xxmemxmalloc.o [3]
__data_GetMemChunk      0x08001a35   0x2c  Code  Gb  xgetmemchunk.o [3]
__data_GetMemChunk::start
                        0x20004290    0x4  Data  Lc  xgetmemchunk.o [3]
__exit                  0x08005b7d   0x14  Code  Gb  exit.o [6]
__iar_Dnorm             0x0800171b   0x44  Code  Gb  xdnorm.o [4]
__iar_Dscale            0x080017c1  0x114  Code  Gb  xdscale.o [4]
__iar_Locale_lconv_init
                        0x08001945   0x3a  Code  Gb  localeconv.o [3]
__iar_Mbcurmax          0x0800145d    0xa  Code  Gb  xmbcurmax.o [3]
__iar_Memchr            0x08001405         Code  Gb  memchr.o [5]
__iar_Memset_word       0x080058fd         Code  Gb  ABImemset.o [5]
__iar_Stdout            0x20000074   0x40  Data  Gb  xfiles.o [3]
__iar_Strchr            0x080013b5         Code  Gb  strchr.o [5]
__iar_data_init3        0x08005ae1   0x28  Code  Gb  data_init.o [5]
__iar_dlib_perthread_access
                        0x08001a63    0x2  Code  Gb  xtls.o [3]
__iar_init_vfp          0x08005b09         Code  Gb  fpinit_M.o [4]
__iar_packbits_init_single3
                        0x08005aa9   0x38  Code  Gb  packbits_init_single.o [5]
__iar_program_start     0x08005be9         Code  Gb  cstartup_M.o [5]
__iar_unaligned___aeabi_memcpy
                        0x08001535         Code  Gb  ABImemcpy_unaligned.o [5]
__iar_unaligned___aeabi_memcpy4
                        0x08001555         Code  Gb  ABImemcpy_unaligned.o [5]
__iar_unaligned___aeabi_memcpy8
                        0x08001555         Code  Gb  ABImemcpy_unaligned.o [5]
__iar_zero_init3        0x08005a69   0x40  Code  Gb  zero_init3.o [5]
__low_level_init        0x08005b67    0x4  Code  Gb  low_level_init.o [3]
__vector_table          0x08000000         Data  Gb  startup_stm32f769xx.o [1]
_call_main              0x08005b59         Code  Gb  cmain.o [5]
_exit                   0x08005b71         Code  Gb  cexit.o [5]
_main                   0x08005b63         Code  Gb  cmain.o [5]
check_data_types        0x08002969    0x4  Code  Gb  core_util.o [1]
cmp_complex             0x0800296d  0x102  Code  Gb  core_list_join.o [1]
cmp_idx                 0x08002a6f   0x2c  Code  Gb  core_list_join.o [1]
core_bench_list         0x08002a9d  0x24e  Code  Gb  core_list_join.o [1]
core_bench_matrix       0x08002fe9  0x466  Code  Gb  core_matrix.o [1]
core_bench_state        0x08003935  0x3d6  Code  Gb  core_state.o [1]
core_init_matrix        0x08003455  0x142  Code  Gb  core_matrix.o [1]
core_init_state         0x08003d0d   0xda  Code  Gb  core_state.o [1]
core_list_init          0x08002ced  0x230  Code  Gb  core_list_join.o [1]
core_list_mergesort     0x08002f2d   0xba  Code  Gb  core_list_join.o [1]
crc16                   0x08002899   0xd0  Code  Gb  core_util.o [1]
crcu16                  0x08002635   0xce  Code  Gb  core_util.o [1]
crcu32                  0x08002703  0x196  Code  Gb  core_util.o [1]
default_num_contexts    0x2000002c    0x4  Data  Gb  core_portme.o [1]
div                     0x080019b1    0xe  Code  Gb  div.o [3]
errpat                  0x20000060   0x10  Data  Lc  core_state.o [1]
exit                    0x08005b6b    0x4  Code  Gb  exit.o [3]
floatpat                0x20000040   0x10  Data  Lc  core_state.o [1]
fputc                   0x080025b3   0x16  Code  Gb  core_portme.o [1]
free                    0x080015ad   0x7a  Code  Gb  xxmemxfree.o [3]
get_seed_32             0x080025ed   0x32  Code  Gb  core_util.o [1]
get_time                0x0800240d    0xa  Code  Gb  core_portme.o [1]
huart1                  0x200041b0   0x70  Data  Gb  usart.o [1]
intpat                  0x20000030   0x10  Data  Lc  core_state.o [1]
list_known_crc          0x20000000    0xc  Data  Lc  core_main.o [1]
localeconv              0x0800197f   0x16  Code  Gb  localeconv.o [3]
main                    0x08001a65  0x53a  Code  Gb  core_main.o [1]
malloc                  0x08001469   0xac  Code  Gb  xxmemxmalloc.o [3]
matrix_known_crc        0x2000000c    0xc  Data  Lc  core_main.o [1]
matrix_mul_matrix       0x08003599  0x170  Code  Gb  core_matrix.o [1]
matrix_mul_matrix_bitextract
                        0x08003709  0x22c  Code  Gb  core_matrix.o [1]
memchr                  0x08001405         Code  Gb  memchr.o [5]
obuf                    0x20004220   0x50  Data  Lc  xfiles.o [3]
portable_fini           0x080025ab    0x6  Code  Gb  core_portme.o [1]
portable_init           0x0800242d  0x17e  Code  Gb  core_portme.o [1]
printf                  0x08003ded   0x24  Code  Gb  printf.o [3]
putchar                 0x08005ba9    0xc  Code  Gb  putchar.o [3]
scipat                  0x20000050   0x10  Data  Lc  core_state.o [1]
seed1_volatile          0x20004280    0x4  Data  Gb  core_portme.o [1]
seed2_volatile          0x20004284    0x4  Data  Gb  core_portme.o [1]
seed3_volatile          0x20000024    0x4  Data  Gb  core_portme.o [1]
seed4_volatile          0x20000028    0x4  Data  Gb  core_portme.o [1]
seed5_volatile          0x20004288    0x4  Data  Gb  core_portme.o [1]
start_time              0x080023ed   0x10  Code  Gb  core_portme.o [1]
start_time_val          0x20004270    0x4  Data  Lc  core_portme.o [1]
state_known_crc         0x20000018    0xc  Data  Lc  core_main.o [1]
stop_time               0x080023fd   0x10  Code  Gb  core_portme.o [1]
stop_time_val           0x20004274    0x4  Data  Lc  core_portme.o [1]
strchr                  0x080013b5         Code  Gb  strchr.o [5]
strlen                  0x080013cd         Code  Gb  strlen.o [5]
time_in_secs            0x08002419   0x12  Code  Gb  core_portme.o [1]
uwTick                  0x2000428c    0x4  Data  Gb  stm32f7xx_hal.o [1]


[1] = C:\Users\zhaojuntao\Desktop\CoreMark≤‚ ‘\STM32F769I-DISCO_CoreMark\EWARM\STM32F769I-DISCO_CoreMark\Obj
[2] = command line
[3] = dl7M_tlf.a
[4] = m7M_tlv.a
[5] = rt7M_tl.a
[6] = shb_l.a

  23 796 bytes of readonly  code memory
     381 bytes of readonly  data memory
  17 044 bytes of readwrite data memory

Errors: none
Warnings: none
